Using pre-set license

 COMMAND LINE ARGUMENTS:
/Applications/Unity/Hub/Editor/2020.3.6f1/Unity.app/Contents/MacOS/Unity
-adb2
-batchMode
-noUpm
-name
AssetImportWorker0
-projectPath
/Users/vapronix/Documents/GitHub/Develop-mobile-game-using-OOPS/Car racing game using oops
-logFile
Logs/AssetImportWorker0.log
-srvPort
63100
Successfully changed project path to: /Users/vapronix/Documents/GitHub/Develop-mobile-game-using-OOPS/Car racing game using oops
/Users/vapronix/Documents/GitHub/Develop-mobile-game-using-OOPS/Car racing game using oops
Using Asset Import Pipeline V2.
Refreshing native plugins compatible for Editor in 39.63 ms, found 1 plugins.
Preloading 0 native plugins for Editor in 0.00 ms.
Initialize engine version: 2020.3.6f1 (338bb68529b2)
[Subsystems] Discovering subsystems at path /Applications/Unity/Hub/Editor/2020.3.6f1/Unity.app/Contents/Resources/UnitySubsystems
[Subsystems] Discovering subsystems at path /Users/vapronix/Documents/GitHub/Develop-mobile-game-using-OOPS/Car racing game using oops/Assets
GfxDevice: creating device client; threaded=0
2026-01-07 12:14:32.490 Unity[8262:3572734] (null) preferred device: Apple M4 (high power)
2026-01-07 12:14:32.490 Unity[8262:3572734] Metal devices available: 1
2026-01-07 12:14:32.490 Unity[8262:3572734] 0: Apple M4 (high power)
2026-01-07 12:14:32.490 Unity[8262:3572734] Using device Apple M4 (high power)
Initializing Metal device caps: Apple M4
Initialize mono
Mono path[0] = '/Applications/Unity/Hub/Editor/2020.3.6f1/Unity.app/Contents/Managed'
Mono path[1] = '/Applications/Unity/Hub/Editor/2020.3.6f1/Unity.app/Contents/MonoBleedingEdge/lib/mono/unityjit'
Mono config path = '/Applications/Unity/Hub/Editor/2020.3.6f1/Unity.app/Contents/MonoBleedingEdge/etc'
Using monoOptions --debugger-agent=transport=dt_socket,embedding=1,server=y,suspend=n,address=127.0.0.1:56262
Begin MonoManager ReloadAssembly
Registering precompiled unity dll's ...
Register platform support module: /Applications/Unity/Hub/Editor/2020.3.6f1/Unity.app/Contents/PlaybackEngines/MacStandaloneSupport/UnityEditor.OSXStandalone.Extensions.dll
Registered in 0.000911 seconds.
Native extension for OSXStandalone target not found
Refreshing native plugins compatible for Editor in 24.88 ms, found 1 plugins.
Preloading 0 native plugins for Editor in 0.00 ms.
Mono: successfully reloaded assembly
- Completed reload, in  2.467 seconds
Platform modules already initialized, skipping
Registering precompiled user dll's ...
Registered in 0.000771 seconds.
Begin MonoManager ReloadAssembly
Native extension for OSXStandalone target not found
Refreshing native plugins compatible for Editor in 0.32 ms, found 1 plugins.
Preloading 0 native plugins for Editor in 0.00 ms.
Mono: successfully reloaded assembly
- Completed reload, in  1.299 seconds
Platform modules already initialized, skipping
========================================================================
Worker process is ready to serve import requests
Launching external process: /Applications/Unity/Hub/Editor/2020.3.6f1/Unity.app/Contents/Tools/UnityShaderCompiler
Launched and connected shader compiler UnityShaderCompiler after 0.04 seconds
Refreshing native plugins compatible for Editor in 0.19 ms, found 1 plugins.
Preloading 0 native plugins for Editor in 0.00 ms.
Unloading 1289 Unused Serialized files (Serialized files now loaded: 0)
System memory in use before: 56.6 MB.
System memory in use after: 56.7 MB.

Unloading 9 unused Assets to reduce memory usage. Loaded Objects now: 1739.
Total: 1.137416 ms (FindLiveObjects: 0.139666 ms CreateObjectMapping: 0.017667 ms MarkObjects: 0.920917 ms  DeleteObjects: 0.058584 ms)

========================================================================
Received Import Request.
  path: Assets/Icons/splash-name.png
  artifactKey: Guid(4673b62eb9cf35b42a5ec98ef9d749e8) Importer(815301076,1909f56bfc062723c751e8b465ee728b)
Start importing Assets/Icons/splash-name.png using Guid(4673b62eb9cf35b42a5ec98ef9d749e8) Importer(815301076,1909f56bfc062723c751e8b465ee728b)  -> (artifact id: '4cbd8f4df68656c5f87f545f0c78e472') in 0.879359 seconds
  Import took 0.881225 seconds .

========================================================================
Received Import Request.
  Time since last request: 0.002044 seconds.
  path: Assets/Icons/splash-name.png
  artifactKey: Guid(4673b62eb9cf35b42a5ec98ef9d749e8) Importer(815301076,1909f56bfc062723c751e8b465ee728b)
Start importing Assets/Icons/splash-name.png using Guid(4673b62eb9cf35b42a5ec98ef9d749e8) Importer(815301076,1909f56bfc062723c751e8b465ee728b)  -> (artifact id: '4cbd8f4df68656c5f87f545f0c78e472') in 0.009106 seconds
  Import took 0.010872 seconds .

========================================================================
Received Prepare
Refreshing native plugins compatible for Editor in 0.64 ms, found 1 plugins.
Preloading 0 native plugins for Editor in 0.00 ms.
Unloading 2 Unused Serialized files (Serialized files now loaded: 0)
System memory in use before: 29.2 MB.
System memory in use after: 29.4 MB.

Unloading 2 unused Assets to reduce memory usage. Loaded Objects now: 1745.
Total: 2.348041 ms (FindLiveObjects: 0.122875 ms CreateObjectMapping: 0.016250 ms MarkObjects: 2.192500 ms  DeleteObjects: 0.015500 ms)

AssetImportWorkerClient::OnTransportError - code=2 error=End of file
